
Lmod is automatically replacing "craype-x86-rome" with "craype-x86-trento".


Lmod is automatically replacing "craype-accel-host" with
"craype-accel-amd-gfx90a".

MIOpen(HIP): Error [FlushUnsafe] File is unwritable: /gfx90a6e.HIP.3_00_0_f34a90f76-dirty.ufdb.txt
MIOpen(HIP): Error [~FindDbRecord_t] Failed to store record to find-db at </gfx90a6e.HIP.3_00_0_f34a90f76-dirty.ufdb.txt>
MIOpen(HIP): Error [FlushUnsafe] File is unwritable: /gfx90a6e.HIP.3_00_0_f34a90f76-dirty.ufdb.txt
MIOpen(HIP): Error [~FindDbRecord_t] Failed to store record to find-db at </gfx90a6e.HIP.3_00_0_f34a90f76-dirty.ufdb.txt>
MIOpen(HIP): Error [FlushUnsafe] File is unwritable: /gfx90a6e.HIP.3_00_0_f34a90f76-dirty.ufdb.txt
MIOpen(HIP): Error [~FindDbRecord_t] Failed to store record to find-db at </gfx90a6e.HIP.3_00_0_f34a90f76-dirty.ufdb.txt>
MIOpen(HIP): Error [FlushUnsafe] File is unwritable: /gfx90a6e.HIP.3_00_0_f34a90f76-dirty.ufdb.txt
MIOpen(HIP): Error [~FindDbRecord_t] Failed to store record to find-db at </gfx90a6e.HIP.3_00_0_f34a90f76-dirty.ufdb.txt>
MIOpen(HIP): Error [FlushUnsafe] File is unwritable: /gfx90a6e.HIP.3_00_0_f34a90f76-dirty.ufdb.txt
MIOpen(HIP): Error [~FindDbRecord_t] Failed to store record to find-db at </gfx90a6e.HIP.3_00_0_f34a90f76-dirty.ufdb.txt>
MIOpen(HIP): Error [FlushUnsafe] File is unwritable: /gfx90a6e.HIP.3_00_0_f34a90f76-dirty.ufdb.txt
MIOpen(HIP): Error [~FindDbRecord_t] Failed to store record to find-db at </gfx90a6e.HIP.3_00_0_f34a90f76-dirty.ufdb.txt>
MIOpen(HIP): Error [FlushUnsafe] File is unwritable: /gfx90a6e.HIP.3_00_0_f34a90f76-dirty.ufdb.txt
MIOpen(HIP): Error [~FindDbRecord_t] Failed to store record to find-db at </gfx90a6e.HIP.3_00_0_f34a90f76-dirty.ufdb.txt>
MIOpen(HIP): Error [FlushUnsafe] File is unwritable: /gfx90a6e.HIP.3_00_0_f34a90f76-dirty.ufdb.txt
MIOpen(HIP): Error [~FindDbRecord_t] Failed to store record to find-db at </gfx90a6e.HIP.3_00_0_f34a90f76-dirty.ufdb.txt>
MIOpen(HIP): Error [FlushUnsafe] File is unwritable: /gfx90a6e.HIP.3_00_0_f34a90f76-dirty.ufdb.txt
MIOpen(HIP): Error [~FindDbRecord_t] Failed to store record to find-db at </gfx90a6e.HIP.3_00_0_f34a90f76-dirty.ufdb.txt>
MIOpen(HIP): Error [FlushUnsafe] File is unwritable: /gfx90a6e.HIP.3_00_0_f34a90f76-dirty.ufdb.txt
MIOpen(HIP): Error [~FindDbRecord_t] Failed to store record to find-db at </gfx90a6e.HIP.3_00_0_f34a90f76-dirty.ufdb.txt>
MIOpen(HIP): Error [FlushUnsafe] File is unwritable: /gfx90a6e.HIP.3_00_0_f34a90f76-dirty.ufdb.txt
MIOpen(HIP): Error [~FindDbRecord_t] Failed to store record to find-db at </gfx90a6e.HIP.3_00_0_f34a90f76-dirty.ufdb.txt>
MIOpen(HIP): Error [FlushUnsafe] File is unwritable: /gfx90a6e.HIP.3_00_0_f34a90f76-dirty.ufdb.txt
MIOpen(HIP): Error [~FindDbRecord_t] Failed to store record to find-db at </gfx90a6e.HIP.3_00_0_f34a90f76-dirty.ufdb.txt>
MIOpen(HIP): Error [FlushUnsafe] File is unwritable: /gfx90a6e.HIP.3_00_0_f34a90f76-dirty.ufdb.txt
MIOpen(HIP): Error [~FindDbRecord_t] Failed to store record to find-db at </gfx90a6e.HIP.3_00_0_f34a90f76-dirty.ufdb.txt>
MIOpen(HIP): Error [FlushUnsafe] File is unwritable: /gfx90a6e.HIP.3_00_0_f34a90f76-dirty.ufdb.txt
MIOpen(HIP): Error [~FindDbRecord_t] Failed to store record to find-db at </gfx90a6e.HIP.3_00_0_f34a90f76-dirty.ufdb.txt>
MIOpen(HIP): Error [FlushUnsafe] File is unwritable: /gfx90a6e.HIP.3_00_0_f34a90f76-dirty.ufdb.txt
MIOpen(HIP): Error [~FindDbRecord_t] Failed to store record to find-db at </gfx90a6e.HIP.3_00_0_f34a90f76-dirty.ufdb.txt>
MIOpen(HIP): Error [FlushUnsafe] File is unwritable: /gfx90a6e.HIP.3_00_0_f34a90f76-dirty.ufdb.txt
MIOpen(HIP): Error [~FindDbRecord_t] Failed to store record to find-db at </gfx90a6e.HIP.3_00_0_f34a90f76-dirty.ufdb.txt>
MIOpen(HIP): Error [FlushUnsafe] File is unwritable: /gfx90a6e.HIP.3_00_0_f34a90f76-dirty.ufdb.txt
MIOpen(HIP): Error [~FindDbRecord_t] Failed to store record to find-db at </gfx90a6e.HIP.3_00_0_f34a90f76-dirty.ufdb.txt>
MIOpen(HIP): Error [FlushUnsafe] File is unwritable: /gfx90a6e.HIP.3_00_0_f34a90f76-dirty.ufdb.txt
MIOpen(HIP): Error [~FindDbRecord_t] Failed to store record to find-db at </gfx90a6e.HIP.3_00_0_f34a90f76-dirty.ufdb.txt>
MIOpen(HIP): Error [FlushUnsafe] File is unwritable: /gfx90a6e.HIP.3_00_0_f34a90f76-dirty.ufdb.txt
MIOpen(HIP): Error [~FindDbRecord_t] Failed to store record to find-db at </gfx90a6e.HIP.3_00_0_f34a90f76-dirty.ufdb.txt>
MIOpen(HIP): Error [FlushUnsafe] File is unwritable: /gfx90a6e.HIP.3_00_0_f34a90f76-dirty.ufdb.txt
MIOpen(HIP): Error [~FindDbRecord_t] Failed to store record to find-db at </gfx90a6e.HIP.3_00_0_f34a90f76-dirty.ufdb.txt>
Traceback (most recent call last):
  File "/projappl/project_462001198/casciott/ICASSP26/SoftHebb-main/continual_learning.py", line 591, in <module>
    task_training(params, name_model+"joint", blocks, selected_classes, dataset_sup_x, dataset_unsup_x, continual_learning=True, resume=None, task_num=task_num)
  File "/projappl/project_462001198/casciott/ICASSP26/SoftHebb-main/continual_learning.py", line 403, in task_training
    procedure(params, name_model, blocks, dataset_sup, dataset_unsup, evaluate, results, task_num)
  File "/projappl/project_462001198/casciott/ICASSP26/SoftHebb-main/continual_learning.py", line 372, in procedure
    main(blocks, name_model, params.resume, params.save, dataset_sup_config, dataset_unsup_config, train_config,
  File "/projappl/project_462001198/casciott/ICASSP26/SoftHebb-main/continual_learning.py", line 276, in main
    result = run_sup(
             ^^^^^^^^
  File "/projappl/project_462001198/casciott/ICASSP26/SoftHebb-main/train.py", line 471, in run_sup
    model.heads[task_num] = new_head
    ~~~~~~~~~~~^^^^^^^^^^
IndexError: list assignment index out of range
srun: error: nid005164: task 0: Exited with exit code 1
srun: Terminating StepId=15930840.0
