
Lmod is automatically replacing "craype-x86-rome" with "craype-x86-trento".


Lmod is automatically replacing "LUMI/23.09" with "CrayEnv".


Lmod is automatically replacing "craype-accel-host" with
"craype-accel-amd-gfx90a".


Inactive Modules:
  1) partition/L

The following have been reloaded with a version change:
  1) cray-python/3.10.10 => cray-python/3.11.7

MIOpen(HIP): Error [FlushUnsafe] File is unwritable: /gfx90a6e.HIP.3_00_0_f34a90f76-dirty.ufdb.txt
MIOpen(HIP): Error [~FindDbRecord_t] Failed to store record to find-db at </gfx90a6e.HIP.3_00_0_f34a90f76-dirty.ufdb.txt>
MIOpen(HIP): Error [FlushUnsafe] File is unwritable: /gfx90a6e.HIP.3_00_0_f34a90f76-dirty.ufdb.txt
MIOpen(HIP): Error [~FindDbRecord_t] Failed to store record to find-db at </gfx90a6e.HIP.3_00_0_f34a90f76-dirty.ufdb.txt>
MIOpen(HIP): Error [FlushUnsafe] File is unwritable: /gfx90a6e.HIP.3_00_0_f34a90f76-dirty.ufdb.txt
MIOpen(HIP): Error [~FindDbRecord_t] Failed to store record to find-db at </gfx90a6e.HIP.3_00_0_f34a90f76-dirty.ufdb.txt>
MIOpen(HIP): Error [FlushUnsafe] File is unwritable: /gfx90a6e.HIP.3_00_0_f34a90f76-dirty.ufdb.txt
MIOpen(HIP): Error [~FindDbRecord_t] Failed to store record to find-db at </gfx90a6e.HIP.3_00_0_f34a90f76-dirty.ufdb.txt>
MIOpen(HIP): Error [FlushUnsafe] File is unwritable: /gfx90a6e.HIP.3_00_0_f34a90f76-dirty.ufdb.txt
MIOpen(HIP): Error [~FindDbRecord_t] Failed to store record to find-db at </gfx90a6e.HIP.3_00_0_f34a90f76-dirty.ufdb.txt>
MIOpen(HIP): Error [FlushUnsafe] File is unwritable: /gfx90a6e.HIP.3_00_0_f34a90f76-dirty.ufdb.txt
MIOpen(HIP): Error [~FindDbRecord_t] Failed to store record to find-db at </gfx90a6e.HIP.3_00_0_f34a90f76-dirty.ufdb.txt>
MIOpen(HIP): Error [FlushUnsafe] File is unwritable: /gfx90a6e.HIP.3_00_0_f34a90f76-dirty.ufdb.txt
MIOpen(HIP): Error [~FindDbRecord_t] Failed to store record to find-db at </gfx90a6e.HIP.3_00_0_f34a90f76-dirty.ufdb.txt>
MIOpen(HIP): Error [FlushUnsafe] File is unwritable: /gfx90a6e.HIP.3_00_0_f34a90f76-dirty.ufdb.txt
MIOpen(HIP): Error [~FindDbRecord_t] Failed to store record to find-db at </gfx90a6e.HIP.3_00_0_f34a90f76-dirty.ufdb.txt>
MIOpen(HIP): Error [FlushUnsafe] File is unwritable: /gfx90a6e.HIP.3_00_0_f34a90f76-dirty.ufdb.txt
MIOpen(HIP): Error [~FindDbRecord_t] Failed to store record to find-db at </gfx90a6e.HIP.3_00_0_f34a90f76-dirty.ufdb.txt>
MIOpen(HIP): Error [FlushUnsafe] File is unwritable: /gfx90a6e.HIP.3_00_0_f34a90f76-dirty.ufdb.txt
MIOpen(HIP): Error [~FindDbRecord_t] Failed to store record to find-db at </gfx90a6e.HIP.3_00_0_f34a90f76-dirty.ufdb.txt>
Traceback (most recent call last):
  File "/projappl/project_462001198/casciott/ICASSP26/SoftHebb-main/continual_learning.py", line 554, in <module>
    task_training(params, name_model, blocks, selected_classes, dataset_sup_1, dataset_unsup_1, continual_learning=False, resume=None, task_num=0)
  File "/projappl/project_462001198/casciott/ICASSP26/SoftHebb-main/continual_learning.py", line 412, in task_training
    procedure(params, name_model, blocks, dataset_sup, dataset_unsup, evaluate, results, task_num)
  File "/projappl/project_462001198/casciott/ICASSP26/SoftHebb-main/continual_learning.py", line 376, in procedure
    main(blocks, name_model, params.resume, params.save, dataset_sup_config, dataset_unsup_config, train_config,
  File "/projappl/project_462001198/casciott/ICASSP26/SoftHebb-main/continual_learning.py", line 272, in main
    run_unsup(
  File "/projappl/project_462001198/casciott/ICASSP26/SoftHebb-main/train.py", line 361, in run_unsup
    lr, info, convergence, R1 = train_unsup(model, train_loader, device, blocks)
                                ^^^^^^^^^^^^^^^^^^^^^^^^^^^^^^^^^^^^^^^^^^^^^^^^
  File "/projappl/project_462001198/casciott/ICASSP26/SoftHebb-main/engine_cl.py", line 841, in train_unsup
    _, lr, info, convergence, R1 = train_hebb(model, loader, device, blocks=blocks)
                                   ^^^^^^^^^^^^^^^^^^^^^^^^^^^^^^^^^^^^^^^^^^^^^^^^
  File "/projappl/project_462001198/casciott/ICASSP26/SoftHebb-main/engine_cl.py", line 501, in train_hebb
    activations_sum[k].append(torch.abs(activations["conv" + k.split(".")[1]].cpu()))
                                        ~~~~~~~~~~~^^^^^^^^^^^^^^^^^^^^^^^^^^
KeyError: 'conv0'
srun: error: nid006199: task 0: Exited with exit code 1
srun: Terminating StepId=15804604.0
