#########################################################################################################
################################## FOLD # 1 ############################################
#########################################################################################################
################################## TASK 0 ############################################
Selected Classes for the Task:  [7, 2]
block 0, size : 48 32 138
range = 1.0
block 1, size : 192 16 69
range = 0.24056261216234406
block 2, size : 768 8 34
range = 0.12028130608117203
block 3, size : 3072 4 17
range = 0.060140653040586016
block 4, size : 12288 2 8
range = 0.030070326520293008
blocks['b%s' % 5] 196608 196608
range = 0.0390625

 ----- Architecture Block BatchNorm2dSK1482(5, 5)1.100000023841858reflect, number 0 -----
- BatchNorm2d(1, eps=1e-05, momentum=0.1, affine=False, track_running_stats=True)
- HebbSoftKrotovConv2d(1, 48, lebesgue_p=2, pruning=0, kernel_size=(5, 5), bias=False, padding_mode=reflect, t_invert=1.100000023841858, bias=False, lr_bias=0.0909, ranking_param=3, delta=2, activation=exp)
- Triangle(power=0.7)
- MaxPool2d(kernel_size=4, stride=2, padding=1, dilation=1, ceil_mode=False)

 ----- Architecture Block BatchNorm2dSK481922(3, 3)0.699999988079071reflect, number 1 -----
- BatchNorm2d(48, eps=1e-05, momentum=0.1, affine=False, track_running_stats=True)
- HebbSoftKrotovConv2d(48, 192, lebesgue_p=2, pruning=0, kernel_size=(3, 3), bias=False, padding_mode=reflect, t_invert=0.699999988079071, bias=False, lr_bias=0.1429, ranking_param=3, delta=2, activation=exp)
- Triangle(power=0.7)
- MaxPool2d(kernel_size=4, stride=2, padding=1, dilation=1, ceil_mode=False)

 ----- Architecture Block BatchNorm2dSK1927682(3, 3)0.5reflect, number 2 -----
- BatchNorm2d(192, eps=1e-05, momentum=0.1, affine=False, track_running_stats=True)
- HebbSoftKrotovConv2d(192, 768, lebesgue_p=2, pruning=0, kernel_size=(3, 3), bias=False, padding_mode=reflect, t_invert=0.5, bias=False, lr_bias=0.2, ranking_param=3, delta=2, activation=exp)
- Triangle(power=0.7)
- MaxPool2d(kernel_size=4, stride=2, padding=1, dilation=1, ceil_mode=False)

 ----- Architecture Block BatchNorm2dSK76830722(3, 3)0.4000000059604645reflect, number 3 -----
- BatchNorm2d(768, eps=1e-05, momentum=0.1, affine=False, track_running_stats=True)
- HebbSoftKrotovConv2d(768, 3072, lebesgue_p=2, pruning=0, kernel_size=(3, 3), bias=False, padding_mode=reflect, t_invert=0.4000000059604645, bias=False, lr_bias=0.25, ranking_param=3, delta=2, activation=exp)
- Triangle(power=1.4)
- MaxPool2d(kernel_size=4, stride=2, padding=1, dilation=1, ceil_mode=False)

 ----- Architecture Block BatchNorm2dSK3072122882(3, 3)0.25reflect, number 4 -----
- BatchNorm2d(3072, eps=1e-05, momentum=0.1, affine=False, track_running_stats=True)
- HebbSoftKrotovConv2d(3072, 12288, lebesgue_p=2, pruning=0, kernel_size=(3, 3), bias=False, padding_mode=reflect, t_invert=0.25, bias=False, lr_bias=0.4, ranking_param=3, delta=2, activation=exp)
- Triangle(power=1.0)
- AvgPool2d(kernel_size=2, stride=2, padding=0)

 ----- Architecture Block FlattenDropout(p=0.3, inplace=False)Linear(in_, number 5 -----
- Flatten(start_dim=1, end_dim=-1)
- Dropout(p=0.3, inplace=False)
- Linear(in_features=196608, out_features=2, bias=True)
INSIDE: URBANSOUND8K
INSIDE CORRECT:
classes_offset: [2, 6]

 ********** Hebbian Unsupervised learning of blocks [0, 1, 2, 3, 4] **********
SAVING FOLDER FOR UNSUP:  URBANSOUND8K_CL47389e7f-b94a-42f9-ab8d-fe410b6b930e
Epoch: [1/1]	lr: 2.89e-02	time: 00:01:01	Acc_train 0.00	Acc_test 0.00	convergence: 4.02e+00	R1: 3	Info MB:0.000e+00/SB:0.000e+00/MW:-5.755e-06/SW:3.018e-02/MR:5.017e+00/SR:7.644e-02/MeD:2.046e-02/MaD:4.015e+00/MW:0.466/MAW:0.534
|        0 |        1 |        2 |        3 |        4 |        5 |        6 |        7 |        8 |        9 |       10 |       11 |       12 |       13 |       14 |       15 |       16 |       17 |       18 |       19 |       20 |       21 |       22 |       23 |       24 |       25 |       26 |       27 |       28 |       29 |
|----------+----------+----------+----------+----------+----------+----------+----------+----------+----------+----------+----------+----------+----------+----------+----------+----------+----------+----------+----------+----------+----------+----------+----------+----------+----------+----------+----------+----------+----------|
|   0.0285 |   0.0284 |   0.0282 |   0.0283 |   0.0282 |   0.0283 |   0.0283 |   0.0282 |   0.0283 |   0.0284 |   0.0283 |   0.0282 |   0.0285 |   0.0285 |   0.0284 |   0.0283 |   0.0281 |   0.0284 |   0.0284 |   0.0285 |   0.0283 |   0.0285 |   0.0283 |   0.0282 |   0.0284 |   0.0285 |   0.0284 |   0.0285 |   0.0281 |   0.0284 |
|   5.04   |   5.02   |   4.97   |   5.01   |   4.99   |   5.01   |   5      |   4.99   |   5      |   5.01   |   5.01   |   4.97   |   5.04   |   5.04   |   5.02   |   5      |   4.97   |   5.01   |   5.03   |   5.03   |   5.01   |   5.04   |   4.99   |   4.99   |   5.02   |   5.03   |   5.03   |   5.04   |   4.97   |   5.02   |
|   0      |   0      |   0      |   0      |   0      |   0      |   0      |   0      |   0      |   0      |   0      |   0      |   0      |   0      |   0      |   0      |   0      |   0      |   0      |   0      |   0      |   0      |   0      |   0      |   0      |   0      |   0      |   0      |   0      |   0      |
| nan      | nan      | nan      | nan      | nan      | nan      | nan      | nan      | nan      | nan      | nan      | nan      | nan      | nan      | nan      | nan      | nan      | nan      | nan      | nan      | nan      | nan      | nan      | nan      | nan      | nan      | nan      | nan      | nan      | nan      |
| nan      | nan      | nan      | nan      | nan      | nan      | nan      | nan      | nan      | nan      | nan      | nan      | nan      | nan      | nan      | nan      | nan      | nan      | nan      | nan      | nan      | nan      | nan      | nan      | nan      | nan      | nan      | nan      | nan      | nan      |
| nan      | nan      | nan      | nan      | nan      | nan      | nan      | nan      | nan      | nan      | nan      | nan      | nan      | nan      | nan      | nan      | nan      | nan      | nan      | nan      | nan      | nan      | nan      | nan      | nan      | nan      | nan      | nan      | nan      | nan      |

 ************************************************************** 
MB:0.000e+00/SB:0.000e+00/MW:-2.749e-05/SW:6.055e-02/MR:5.031e+00/SR:1.691e-01/MeD:4.581e-02/MaD:4.027e+00/MW:0.577/MAW:0.423
|        0 |        1 |        2 |        3 |        4 |        5 |        6 |        7 |        8 |        9 |       10 |       11 |      12 |       13 |       14 |       15 |       16 |       17 |       18 |       19 |       20 |       21 |       22 |       23 |       24 |       25 |       26 |       27 |       28 |       29 |
|----------+----------+----------+----------+----------+----------+----------+----------+----------+----------+----------+----------+---------+----------+----------+----------+----------+----------+----------+----------+----------+----------+----------+----------+----------+----------+----------+----------+----------+----------|
|   0.0281 |   0.0287 |   0.0287 |   0.0283 |   0.0286 |   0.0288 |   0.0283 |   0.0284 |   0.0284 |   0.0285 |   0.0284 |   0.0281 |   0.028 |   0.0288 |   0.0283 |   0.0288 |   0.0281 |   0.0284 |   0.0287 |   0.0284 |   0.0283 |   0.0282 |   0.0286 |   0.0284 |   0.0285 |   0.0284 |   0.0288 |   0.0288 |   0.0288 |   0.0286 |
|   4.97   |   5.07   |   5.08   |   5      |   5.07   |   5.1    |   5.01   |   5.02   |   5.03   |   5.04   |   5.02   |   4.97   |   4.95  |   5.1    |   5      |   5.09   |   4.96   |   5.02   |   5.07   |   5.02   |   5      |   4.99   |   5.06   |   5.01   |   5.03   |   5.03   |   5.09   |   5.11   |   5.1    |   5.07   |
|   0      |   0.01   |   0.01   |   0.01   |   0.01   |   0.01   |   0.01   |   0.01   |   0.01   |   0.01   |   0.01   |   0.01   |   0.01  |   0.01   |   0      |   0.01   |   0.01   |   0.01   |   0.01   |   0.01   |   0.01   |   0      |   0.02   |   0.01   |   0.01   |   0.01   |   0.01   |   0.01   |   0.01   |   0.01   |
| nan      | nan      | nan      | nan      | nan      | nan      | nan      | nan      | nan      | nan      | nan      | nan      | nan     | nan      | nan      | nan      | nan      | nan      | nan      | nan      | nan      | nan      | nan      | nan      | nan      | nan      | nan      | nan      | nan      | nan      |
| nan      | nan      | nan      | nan      | nan      | nan      | nan      | nan      | nan      | nan      | nan      | nan      | nan     | nan      | nan      | nan      | nan      | nan      | nan      | nan      | nan      | nan      | nan      | nan      | nan      | nan      | nan      | nan      | nan      | nan      |
| nan      | nan      | nan      | nan      | nan      | nan      | nan      | nan      | nan      | nan      | nan      | nan      | nan     | nan      | nan      | nan      | nan      | nan      | nan      | nan      | nan      | nan      | nan      | nan      | nan      | nan      | nan      | nan      | nan      | nan      |

 ************************************************************** 
MB:0.000e+00/SB:0.000e+00/MW:-1.460e-04/SW:1.236e-01/MR:5.127e+00/SR:3.238e-01/MeD:1.213e-01/MaD:4.116e+00/MW:0.506/MAW:0.494
|        0 |        1 |        2 |        3 |        4 |        5 |      6 |        7 |       8 |        9 |       10 |      11 |      12 |       13 |       14 |       15 |       16 |       17 |       18 |       19 |       20 |       21 |       22 |      23 |      24 |       25 |       26 |       27 |       28 |       29 |
|----------+----------+----------+----------+----------+----------+--------+----------+---------+----------+----------+---------+---------+----------+----------+----------+----------+----------+----------+----------+----------+----------+----------+---------+---------+----------+----------+----------+----------+----------|
|   0.0289 |   0.0294 |   0.0285 |   0.0298 |   0.0294 |   0.0301 |   0.03 |   0.0293 |   0.029 |   0.0286 |   0.0292 |   0.028 |   0.029 |   0.0301 |   0.0311 |   0.0293 |   0.0277 |   0.0296 |   0.0283 |   0.0294 |   0.0286 |   0.0302 |   0.0293 |   0.029 |   0.029 |   0.0285 |   0.0297 |   0.0245 |   0.0285 |   0.0287 |
|   5.12   |   5.22   |   5.04   |   5.3    |   5.22   |   5.34   |   5.33 |   5.19   |   5.13  |   5.06   |   5.18   |   4.94  |   5.13  |   5.34   |   5.53   |   5.19   |   4.89   |   5.26   |   5      |   5.22   |   5.06   |   5.36   |   5.19   |   5.14  |   5.14  |   5.05   |   5.28   |   4.31   |   5.04   |   5.07   |
|   0.04   |   0.04   |   0.03   |   0.05   |   0.07   |   0.04   |   0.06 |   0.12   |   0.09  |   0.04   |   0.06   |   0.03  |   0.04  |   0.08   |   0.09   |   0.06   |   0.02   |   0.05   |   0.03   |   0.06   |   0.03   |   0.09   |   0.09   |   0.05  |   0.04  |   0.04   |   0.03   |   0.27   |   0.05   |   0.07   |
| nan      | nan      | nan      | nan      | nan      | nan      | nan    | nan      | nan     | nan      | nan      | nan     | nan     | nan      | nan      | nan      | nan      | nan      | nan      | nan      | nan      | nan      | nan      | nan     | nan     | nan      | nan      | nan      | nan      | nan      |
| nan      | nan      | nan      | nan      | nan      | nan      | nan    | nan      | nan     | nan      | nan      | nan     | nan     | nan      | nan      | nan      | nan      | nan      | nan      | nan      | nan      | nan      | nan      | nan     | nan     | nan      | nan      | nan      | nan      | nan      |
| nan      | nan      | nan      | nan      | nan      | nan      | nan    | nan      | nan     | nan      | nan      | nan     | nan     | nan      | nan      | nan      | nan      | nan      | nan      | nan      | nan      | nan      | nan      | nan     | nan     | nan      | nan      | nan      | nan      | nan      |

 ************************************************************** 
MB:0.000e+00/SB:0.000e+00/MW:-1.873e-05/SW:2.438e-01/MR:5.017e+00/SR:7.194e-01/MeD:3.807e-01/MaD:3.909e+00/MW:0.461/MAW:0.539
|        0 |        1 |        2 |         3 |        4 |        5 |        6 |        7 |        8 |       9 |       10 |       11 |       12 |       13 |       14 |       15 |       16 |       17 |       18 |       19 |       20 |       21 |       22 |       23 |       24 |       25 |       26 |       27 |       28 |       29 |
|----------+----------+----------+-----------+----------+----------+----------+----------+----------+---------+----------+----------+----------+----------+----------+----------+----------+----------+----------+----------+----------+----------+----------+----------+----------+----------+----------+----------+----------+----------|
|   0.0302 |   0.0293 |   0.0287 |   0.00188 |   0.0289 |   0.0268 |   0.0218 |   0.0299 |   0.0285 |   0.014 |   0.0292 |   0.0307 |   0.0302 |   0.0276 |   0.0285 |   0.0284 |   0.0292 |   0.0299 |   0.0303 |   0.0297 |   0.0281 |   0.0303 |   0.0297 |   0.0282 |   0.0291 |   0.0319 |   0.0304 |   0.0297 |   0.0319 |   0.0297 |
|   5.37   |   5.19   |   5.08   |   1.11    |   5.12   |   4.72   |   3.83   |   5.31   |   5.03   |   2.57  |   5.18   |   5.46   |   5.36   |   4.87   |   5.05   |   5.03   |   5.18   |   5.32   |   5.38   |   5.27   |   4.96   |   5.38   |   5.27   |   4.98   |   5.15   |   5.69   |   5.41   |   5.27   |   5.7    |   5.28   |
|   0.21   |   0.35   |   0.3    |   9.44    |   0.28   |   0.47   |   0.91   |   0.14   |   0.3    |   3.69  |   0.14   |   0.23   |   0.53   |   0.27   |   0.75   |   0.14   |   0.57   |   0.16   |   0.58   |   0.31   |   0.21   |   0.33   |   0.09   |   0.96   |   0.38   |   0.19   |   0.23   |   0.19   |   0.22   |   0.25   |
| nan      | nan      | nan      | nan       | nan      | nan      | nan      | nan      | nan      | nan     | nan      | nan      | nan      | nan      | nan      | nan      | nan      | nan      | nan      | nan      | nan      | nan      | nan      | nan      | nan      | nan      | nan      | nan      | nan      | nan      |
| nan      | nan      | nan      | nan       | nan      | nan      | nan      | nan      | nan      | nan     | nan      | nan      | nan      | nan      | nan      | nan      | nan      | nan      | nan      | nan      | nan      | nan      | nan      | nan      | nan      | nan      | nan      | nan      | nan      | nan      |
| nan      | nan      | nan      | nan       | nan      | nan      | nan      | nan      | nan      | nan     | nan      | nan      | nan      | nan      | nan      | nan      | nan      | nan      | nan      | nan      | nan      | nan      | nan      | nan      | nan      | nan      | nan      | nan      | nan      | nan      |

 ************************************************************** 
MB:0.000e+00/SB:0.000e+00/MW:-5.258e-02/SW:1.908e+00/MR:9.148e+00/SR:2.728e+00/MeD:1.931e+00/MaD:8.145e+00/MW:0.513/MAW:0.487
|       0 |       1 |       2 |       3 |       4 |       5 |      6 |       7 |       8 |       9 |      10 |      11 |      12 |      13 |        14 |      15 |      16 |      17 |      18 |      19 |      20 |      21 |      22 |      23 |     24 |      25 |      26 |      27 |      28 |      29 |
|---------+---------+---------+---------+---------+---------+--------+---------+---------+---------+---------+---------+---------+---------+-----------+---------+---------+---------+---------+---------+---------+---------+---------+---------+--------+---------+---------+---------+---------+---------|
|   0.339 |   0.422 |   0.448 |   0.411 |   0.432 |   0.362 |   0.17 |   0.437 |   0.284 |   0.459 |   0.356 |   0.556 |   0.408 |   0.391 |   0.00103 |   0.307 |   0.443 |   0.402 |   0.336 |   0.481 |   0.351 |   0.367 |   0.324 |   0.439 |   0.4  |   0.441 |   0.498 |   0.411 |   0.369 |   0.498 |
|   7.85  |  10.17  |  10.95  |   9.86  |  10.48  |   8.47  |   3.74 |  10.62  |   6.41  |  11.27  |   8.32  |  14.28  |   9.78  |   9.3   |   1       |   7     |  10.79  |   9.6   |   7.77  |  11.93  |   8.19  |   8.61  |   7.46  |  10.68  |   9.54 |  10.74  |  12.45  |   9.86  |   8.69  |  12.46  |
|   0.84  |   1.65  |   2.61  |   1.13  |   1.43  |   1.38  |   0.35 |   0.57  |   0.46  |   0.95  |   1.64  |   0.62  |   0.77  |   1.72  |  14.95    |   2.23  |   1.75  |   4.95  |   3.57  |   1.44  |   1.65  |   1     |   2.44  |   1.03  |   2.78 |   0.79  |   3.99  |   1.2   |   0.99  |   0.98  |
| nan     | nan     | nan     | nan     | nan     | nan     | nan    | nan     | nan     | nan     | nan     | nan     | nan     | nan     | nan       | nan     | nan     | nan     | nan     | nan     | nan     | nan     | nan     | nan     | nan    | nan     | nan     | nan     | nan     | nan     |
| nan     | nan     | nan     | nan     | nan     | nan     | nan    | nan     | nan     | nan     | nan     | nan     | nan     | nan     | nan       | nan     | nan     | nan     | nan     | nan     | nan     | nan     | nan     | nan     | nan    | nan     | nan     | nan     | nan     | nan     |
| nan     | nan     | nan     | nan     | nan     | nan     | nan    | nan     | nan     | nan     | nan     | nan     | nan     | nan     | nan       | nan     | nan     | nan     | nan     | nan     | nan     | nan     | nan     | nan     | nan    | nan     | nan     | nan     | nan     | nan     |
