
Lmod is automatically replacing "craype-x86-rome" with "craype-x86-trento".


Lmod is automatically replacing "craype-accel-host" with
"craype-accel-amd-gfx90a".

/opt/conda/envs/conda_container_env/lib/python3.12/site-packages/torch/nn/modules/lazy.py:181: UserWarning: Lazy modules are a new feature under heavy development so changes to the API or functionality can happen at any moment.
  warnings.warn('Lazy modules are a new feature under heavy development '
MIOpen(HIP): Error [FlushUnsafe] File is unwritable: /gfx90a6e.HIP.3_00_0_f34a90f76-dirty.ufdb.txt
MIOpen(HIP): Error [~FindDbRecord_t] Failed to store record to find-db at </gfx90a6e.HIP.3_00_0_f34a90f76-dirty.ufdb.txt>
MIOpen(HIP): Error [FlushUnsafe] File is unwritable: /gfx90a6e.HIP.3_00_0_f34a90f76-dirty.ufdb.txt
MIOpen(HIP): Error [~FindDbRecord_t] Failed to store record to find-db at </gfx90a6e.HIP.3_00_0_f34a90f76-dirty.ufdb.txt>
MIOpen(HIP): Error [FlushUnsafe] File is unwritable: /gfx90a6e.HIP.3_00_0_f34a90f76-dirty.ufdb.txt
MIOpen(HIP): Error [~FindDbRecord_t] Failed to store record to find-db at </gfx90a6e.HIP.3_00_0_f34a90f76-dirty.ufdb.txt>
MIOpen(HIP): Error [FlushUnsafe] File is unwritable: /gfx90a6e.HIP.3_00_0_f34a90f76-dirty.ufdb.txt
MIOpen(HIP): Error [~FindDbRecord_t] Failed to store record to find-db at </gfx90a6e.HIP.3_00_0_f34a90f76-dirty.ufdb.txt>
MIOpen(HIP): Error [FlushUnsafe] File is unwritable: /gfx90a6e.HIP.3_00_0_f34a90f76-dirty.ufdb.txt
MIOpen(HIP): Error [~FindDbRecord_t] Failed to store record to find-db at </gfx90a6e.HIP.3_00_0_f34a90f76-dirty.ufdb.txt>
MIOpen(HIP): Error [FlushUnsafe] File is unwritable: /gfx90a6e.HIP.3_00_0_f34a90f76-dirty.ufdb.txt
MIOpen(HIP): Error [~FindDbRecord_t] Failed to store record to find-db at </gfx90a6e.HIP.3_00_0_f34a90f76-dirty.ufdb.txt>
MIOpen(HIP): Error [FlushUnsafe] File is unwritable: /gfx90a6e.HIP.3_00_0_f34a90f76-dirty.ufdb.txt
MIOpen(HIP): Error [~FindDbRecord_t] Failed to store record to find-db at </gfx90a6e.HIP.3_00_0_f34a90f76-dirty.ufdb.txt>
MIOpen(HIP): Error [FlushUnsafe] File is unwritable: /gfx90a6e.HIP.3_00_0_f34a90f76-dirty.ufdb.txt
MIOpen(HIP): Error [~FindDbRecord_t] Failed to store record to find-db at </gfx90a6e.HIP.3_00_0_f34a90f76-dirty.ufdb.txt>
MIOpen(HIP): Error [FlushUnsafe] File is unwritable: /gfx90a6e.HIP.3_00_0_f34a90f76-dirty.ufdb.txt
MIOpen(HIP): Error [~FindDbRecord_t] Failed to store record to find-db at </gfx90a6e.HIP.3_00_0_f34a90f76-dirty.ufdb.txt>
MIOpen(HIP): Error [FlushUnsafe] File is unwritable: /gfx90a6e.HIP.3_00_0_f34a90f76-dirty.ufdb.txt
MIOpen(HIP): Error [~FindDbRecord_t] Failed to store record to find-db at </gfx90a6e.HIP.3_00_0_f34a90f76-dirty.ufdb.txt>
MIOpen(HIP): Error [FlushUnsafe] File is unwritable: /gfx90a6e.HIP.3_00_0_f34a90f76-dirty.ufdb.txt
MIOpen(HIP): Error [~FindDbRecord_t] Failed to store record to find-db at </gfx90a6e.HIP.3_00_0_f34a90f76-dirty.ufdb.txt>
MIOpen(HIP): Error [FlushUnsafe] File is unwritable: /gfx90a6e.HIP.3_00_0_f34a90f76-dirty.ufdb.txt
MIOpen(HIP): Error [~FindDbRecord_t] Failed to store record to find-db at </gfx90a6e.HIP.3_00_0_f34a90f76-dirty.ufdb.txt>
MIOpen(HIP): Error [FlushUnsafe] File is unwritable: /gfx90a6e.HIP.3_00_0_f34a90f76-dirty.ufdb.txt
MIOpen(HIP): Error [~FindDbRecord_t] Failed to store record to find-db at </gfx90a6e.HIP.3_00_0_f34a90f76-dirty.ufdb.txt>
MIOpen(HIP): Error [FlushUnsafe] File is unwritable: /gfx90a6e.HIP.3_00_0_f34a90f76-dirty.ufdb.txt
MIOpen(HIP): Error [~FindDbRecord_t] Failed to store record to find-db at </gfx90a6e.HIP.3_00_0_f34a90f76-dirty.ufdb.txt>
MIOpen(HIP): Error [FlushUnsafe] File is unwritable: /gfx90a6e.HIP.3_00_0_f34a90f76-dirty.ufdb.txt
MIOpen(HIP): Error [~FindDbRecord_t] Failed to store record to find-db at </gfx90a6e.HIP.3_00_0_f34a90f76-dirty.ufdb.txt>
MIOpen(HIP): Error [FlushUnsafe] File is unwritable: /gfx90a6e.HIP.3_00_0_f34a90f76-dirty.ufdb.txt
MIOpen(HIP): Error [~FindDbRecord_t] Failed to store record to find-db at </gfx90a6e.HIP.3_00_0_f34a90f76-dirty.ufdb.txt>
MIOpen(HIP): Error [FlushUnsafe] File is unwritable: /gfx90a6e.HIP.3_00_0_f34a90f76-dirty.ufdb.txt
MIOpen(HIP): Error [~FindDbRecord_t] Failed to store record to find-db at </gfx90a6e.HIP.3_00_0_f34a90f76-dirty.ufdb.txt>
MIOpen(HIP): Error [FlushUnsafe] File is unwritable: /gfx90a6e.HIP.3_00_0_f34a90f76-dirty.ufdb.txt
MIOpen(HIP): Error [~FindDbRecord_t] Failed to store record to find-db at </gfx90a6e.HIP.3_00_0_f34a90f76-dirty.ufdb.txt>
MIOpen(HIP): Error [FlushUnsafe] File is unwritable: /gfx90a6e.HIP.3_00_0_f34a90f76-dirty.ufdb.txt
MIOpen(HIP): Error [~FindDbRecord_t] Failed to store record to find-db at </gfx90a6e.HIP.3_00_0_f34a90f76-dirty.ufdb.txt>
MIOpen(HIP): Error [FlushUnsafe] File is unwritable: /gfx90a6e.HIP.3_00_0_f34a90f76-dirty.ufdb.txt
MIOpen(HIP): Error [~FindDbRecord_t] Failed to store record to find-db at </gfx90a6e.HIP.3_00_0_f34a90f76-dirty.ufdb.txt>
MIOpen(HIP): Error [FlushUnsafe] File is unwritable: /gfx90a6e.HIP.3_00_0_f34a90f76-dirty.ufdb.txt
MIOpen(HIP): Error [~FindDbRecord_t] Failed to store record to find-db at </gfx90a6e.HIP.3_00_0_f34a90f76-dirty.ufdb.txt>
MIOpen(HIP): Error [FlushUnsafe] File is unwritable: /gfx90a6e.HIP.3_00_0_f34a90f76-dirty.ufdb.txt
MIOpen(HIP): Error [~FindDbRecord_t] Failed to store record to find-db at </gfx90a6e.HIP.3_00_0_f34a90f76-dirty.ufdb.txt>
MIOpen(HIP): Error [FlushUnsafe] File is unwritable: /gfx90a6e.HIP.3_00_0_f34a90f76-dirty.ufdb.txt
MIOpen(HIP): Error [~FindDbRecord_t] Failed to store record to find-db at </gfx90a6e.HIP.3_00_0_f34a90f76-dirty.ufdb.txt>
MIOpen(HIP): Error [FlushUnsafe] File is unwritable: /gfx90a6e.HIP.3_00_0_f34a90f76-dirty.ufdb.txt
MIOpen(HIP): Error [~FindDbRecord_t] Failed to store record to find-db at </gfx90a6e.HIP.3_00_0_f34a90f76-dirty.ufdb.txt>
MIOpen(HIP): Error [FlushUnsafe] File is unwritable: /gfx90a6e.HIP.3_00_0_f34a90f76-dirty.ufdb.txt
MIOpen(HIP): Error [~FindDbRecord_t] Failed to store record to find-db at </gfx90a6e.HIP.3_00_0_f34a90f76-dirty.ufdb.txt>
MIOpen(HIP): Error [FlushUnsafe] File is unwritable: /gfx90a6e.HIP.3_00_0_f34a90f76-dirty.ufdb.txt
MIOpen(HIP): Error [~FindDbRecord_t] Failed to store record to find-db at </gfx90a6e.HIP.3_00_0_f34a90f76-dirty.ufdb.txt>
MIOpen(HIP): Error [FlushUnsafe] File is unwritable: /gfx90a6e.HIP.3_00_0_f34a90f76-dirty.ufdb.txt
MIOpen(HIP): Error [~FindDbRecord_t] Failed to store record to find-db at </gfx90a6e.HIP.3_00_0_f34a90f76-dirty.ufdb.txt>
MIOpen(HIP): Error [FlushUnsafe] File is unwritable: /gfx90a6e.HIP.3_00_0_f34a90f76-dirty.ufdb.txt
MIOpen(HIP): Error [~FindDbRecord_t] Failed to store record to find-db at </gfx90a6e.HIP.3_00_0_f34a90f76-dirty.ufdb.txt>
MIOpen(HIP): Error [FlushUnsafe] File is unwritable: /gfx90a6e.HIP.3_00_0_f34a90f76-dirty.ufdb.txt
MIOpen(HIP): Error [~FindDbRecord_t] Failed to store record to find-db at </gfx90a6e.HIP.3_00_0_f34a90f76-dirty.ufdb.txt>
MIOpen(HIP): Error [FlushUnsafe] File is unwritable: /gfx90a6e.HIP.3_00_0_f34a90f76-dirty.ufdb.txt
MIOpen(HIP): Error [~FindDbRecord_t] Failed to store record to find-db at </gfx90a6e.HIP.3_00_0_f34a90f76-dirty.ufdb.txt>
MIOpen(HIP): Error [FlushUnsafe] File is unwritable: /gfx90a6e.HIP.3_00_0_f34a90f76-dirty.ufdb.txt
MIOpen(HIP): Error [~FindDbRecord_t] Failed to store record to find-db at </gfx90a6e.HIP.3_00_0_f34a90f76-dirty.ufdb.txt>
MIOpen(HIP): Error [FlushUnsafe] File is unwritable: /gfx90a6e.HIP.3_00_0_f34a90f76-dirty.ufdb.txt
MIOpen(HIP): Error [~FindDbRecord_t] Failed to store record to find-db at </gfx90a6e.HIP.3_00_0_f34a90f76-dirty.ufdb.txt>
MIOpen(HIP): Error [FlushUnsafe] File is unwritable: /gfx90a6e.HIP.3_00_0_f34a90f76-dirty.ufdb.txt
MIOpen(HIP): Error [~FindDbRecord_t] Failed to store record to find-db at </gfx90a6e.HIP.3_00_0_f34a90f76-dirty.ufdb.txt>
MIOpen(HIP): Error [FlushUnsafe] File is unwritable: /gfx90a6e.HIP.3_00_0_f34a90f76-dirty.ufdb.txt
MIOpen(HIP): Error [~FindDbRecord_t] Failed to store record to find-db at </gfx90a6e.HIP.3_00_0_f34a90f76-dirty.ufdb.txt>
MIOpen(HIP): Error [FlushUnsafe] File is unwritable: /gfx90a6e.HIP.3_00_0_f34a90f76-dirty.ufdb.txt
MIOpen(HIP): Error [~FindDbRecord_t] Failed to store record to find-db at </gfx90a6e.HIP.3_00_0_f34a90f76-dirty.ufdb.txt>
MIOpen(HIP): Error [FlushUnsafe] File is unwritable: /gfx90a6e.HIP.3_00_0_f34a90f76-dirty.ufdb.txt
MIOpen(HIP): Error [~FindDbRecord_t] Failed to store record to find-db at </gfx90a6e.HIP.3_00_0_f34a90f76-dirty.ufdb.txt>
MIOpen(HIP): Error [FlushUnsafe] File is unwritable: /gfx90a6e.HIP.3_00_0_f34a90f76-dirty.ufdb.txt
MIOpen(HIP): Error [~FindDbRecord_t] Failed to store record to find-db at </gfx90a6e.HIP.3_00_0_f34a90f76-dirty.ufdb.txt>
MIOpen(HIP): Error [FlushUnsafe] File is unwritable: /gfx90a6e.HIP.3_00_0_f34a90f76-dirty.ufdb.txt
MIOpen(HIP): Error [~FindDbRecord_t] Failed to store record to find-db at </gfx90a6e.HIP.3_00_0_f34a90f76-dirty.ufdb.txt>
MIOpen(HIP): Error [FlushUnsafe] File is unwritable: /gfx90a6e.HIP.3_00_0_f34a90f76-dirty.ufdb.txt
MIOpen(HIP): Error [~FindDbRecord_t] Failed to store record to find-db at </gfx90a6e.HIP.3_00_0_f34a90f76-dirty.ufdb.txt>
MIOpen(HIP): Error [FlushUnsafe] File is unwritable: /gfx90a6e.HIP.3_00_0_f34a90f76-dirty.ufdb.txt
MIOpen(HIP): Error [~FindDbRecord_t] Failed to store record to find-db at </gfx90a6e.HIP.3_00_0_f34a90f76-dirty.ufdb.txt>
MIOpen(HIP): Error [FlushUnsafe] File is unwritable: /gfx90a6e.HIP.3_00_0_f34a90f76-dirty.ufdb.txt
MIOpen(HIP): Error [~FindDbRecord_t] Failed to store record to find-db at </gfx90a6e.HIP.3_00_0_f34a90f76-dirty.ufdb.txt>
MIOpen(HIP): Error [FlushUnsafe] File is unwritable: /gfx90a6e.HIP.3_00_0_f34a90f76-dirty.ufdb.txt
MIOpen(HIP): Error [~FindDbRecord_t] Failed to store record to find-db at </gfx90a6e.HIP.3_00_0_f34a90f76-dirty.ufdb.txt>
MIOpen(HIP): Error [FlushUnsafe] File is unwritable: /gfx90a6e.HIP.3_00_0_f34a90f76-dirty.ufdb.txt
MIOpen(HIP): Error [~FindDbRecord_t] Failed to store record to find-db at </gfx90a6e.HIP.3_00_0_f34a90f76-dirty.ufdb.txt>
