
Lmod is automatically replacing "craype-x86-rome" with "craype-x86-trento".


Lmod is automatically replacing "craype-x86-rome" with "craype-x86-trento".

-------------------------------------------------------------------------------
There are messages associated with the following module(s):
-------------------------------------------------------------------------------

rocm/6.2.2:
   This module is not installed the way it is intended by AMD. Hence some
   parts of ROCm may be broken or offer slower than expected performance and
   there is nothing the LUMI User Support Team can do about that. As the
   module is also not an official HPE Cray module there is no guarantee that
   it will integrate properly with HPE Cray PE modules or work correctly in
   that environment. In fact, it is know to cause problems with the CCE
   compilers prior to cce/18.0.0 due to link incompatibilities. Note that
   hipSolver now requires SuiteSparse, and since that one uses BLAS and
   LAPACK, it depends on the programming environment so is a separate module
   that needs to be loaded if you use hipSolver.

-------------------------------------------------------------------------------

-------------------------------------------------------------------------------
There are messages associated with the following module(s):
-------------------------------------------------------------------------------

rocm/6.2.2:
   This module is not installed the way it is intended by AMD. Hence some
   parts of ROCm may be broken or offer slower than expected performance and
   there is nothing the LUMI User Support Team can do about that. As the
   module is also not an official HPE Cray module there is no guarantee that
   it will integrate properly with HPE Cray PE modules or work correctly in
   that environment. In fact, it is know to cause problems with the CCE
   compilers prior to cce/18.0.0 due to link incompatibilities. Note that
   hipSolver now requires SuiteSparse, and since that one uses BLAS and
   LAPACK, it depends on the programming environment so is a separate module
   that needs to be loaded if you use hipSolver.

-------------------------------------------------------------------------------

srun: Job step aborted: Waiting up to 32 seconds for job step to finish.
slurmstepd: error: *** STEP 15444323.0 ON nid005794 CANCELLED AT 2025-12-19T13:19:42 ***
slurmstepd: error: *** JOB 15444323 ON nid005794 CANCELLED AT 2025-12-19T13:19:42 ***
srun: Job step aborted: Waiting up to 32 seconds for job step to finish.
slurmstepd: error: *** STEP 15444324.0 ON nid006229 CANCELLED AT 2025-12-19T13:19:47 ***
slurmstepd: error: *** JOB 15444324 ON nid006229 CANCELLED AT 2025-12-19T13:19:47 ***
