
Lmod is automatically replacing "craype-x86-rome" with "craype-x86-trento".


Lmod is automatically replacing "craype-x86-rome" with "craype-x86-trento".


Lmod is automatically replacing "craype-x86-rome" with "craype-x86-trento".

Traceback (most recent call last):
Traceback (most recent call last):
Traceback (most recent call last):
Traceback (most recent call last):
  File "/projappl/project_462001198/casciott/ICASSP26/SoftHebb-main/continual_learning.py", line 408, in <module>
  File "/projappl/project_462001198/casciott/ICASSP26/SoftHebb-main/continual_learning.py", line 408, in <module>
  File "/projappl/project_462001198/casciott/ICASSP26/SoftHebb-main/continual_learning.py", line 408, in <module>
  File "/projappl/project_462001198/casciott/ICASSP26/SoftHebb-main/continual_learning.py", line 408, in <module>
    if classes_per_task != None and (params.dataset_sup_2 != None or params.dataset_sup_1 != None):
    if classes_per_task != None and (params.dataset_sup_2 != None or params.dataset_sup_1 != None):
    if classes_per_task != None and (params.dataset_sup_2 != None or params.dataset_sup_1 != None):
    if classes_per_task != None and (params.dataset_sup_2 != None or params.dataset_sup_1 != None):
                                     ^^^^^^^^^^^^^^^^^^^^
                                     ^^^^^^^^^^^^^^^^^^^^
                                     ^^^^^^^^^^^^^^^^^^^^
                                     ^^^^^^^^^^^^^^^^^^^^
AttributeError: 'Namespace' object has no attribute 'dataset_sup_2'. Did you mean: 'dataset_sup_1'?
AttributeError: 'Namespace' object has no attribute 'dataset_sup_2'. Did you mean: 'dataset_sup_1'?
AttributeError: 'Namespace' object has no attribute 'dataset_sup_2'. Did you mean: 'dataset_sup_1'?
AttributeError: 'Namespace' object has no attribute 'dataset_sup_2'. Did you mean: 'dataset_sup_1'?
srun: error: nid005202: task 0: Exited with exit code 1
srun: Terminating StepId=16041346.0
srun: error: nid005222: task 0: Exited with exit code 1
srun: error: nid005208: task 0: Exited with exit code 1
srun: Terminating StepId=16041348.0
srun: Terminating StepId=16041347.0
srun: error: nid005230: task 0: Exited with exit code 1
srun: Terminating StepId=16041349.0
